// Jest Snapshot v1, https://goo.gl/fbAQLP

exports[`Test the <EasyVLib /> snapshot tests using 3rd. 1`] = `
<EasyV
  allState={
    Object {
      "isFormOK": false,
      "title": Object {
        "errorText": "",
        "status": "normal",
        "value": "",
      },
    }
  }
  schema={
    Object {
      "title": Object {
        "string": Object {
          "default": "",
          "minLength": 1,
        },
      },
    }
  }
  update={[Function]}
>
  <section
    onChange={[Function]}
  >
    <input
      hint=""
      key=".0"
      name="title"
      status="normal"
      value=""
    />
    <input
      key=".1"
    />
    <input
      key=".2"
    />
  </section>
</EasyV>
`;

exports[`Test the <EasyVLib /> snapshot tests. 1`] = `
"<EasyV schema={{...}} allState={{...}} update={[Function]}>
  <section onChange={[Function]}>
    <input name=\\"title\\" status=\\"normal\\" hint=\\"\\" value=\\"\\" />
    <input />
    <input />
  </section>
</EasyV>"
`;
